[cleanecotech8.wixstudio.com/verminators/index.html]
[static.parastorage.com/unpkg/@formatjs/intl-segmenter@11.7.10/polyfill.iife.js]
[static.parastorage.com/unpkg/core-js-bundle@3.2.1/minified.js]
[static.parastorage.com/unpkg/focus-within-polyfill@5.0.9/dist/focus-within-polyfill.js]
[cleanecotech8.wixstudio.com/verminators/c.3.delayed]
[cleanecotech8.wixstudio.com/verminators/t.4.delayed]
[backblue.gif]
[fade.gif]
[index.html]
[static.parastorage.com/services/form-app/1.2107.0/client-viewer/1882.chunk.min.js]
[static.parastorage.com/services/form-app/1.2107.0/client-viewer/form-app-header.chunk.min.js]
[static.parastorage.com/services/form-app/1.2107.0/client-viewer/form-app-wix-ricos-viewer.chunk.min.js]
[static.parastorage.com/services/form-app/1.2107.0/client-viewer/1642.chunk.min.js]
[static.parastorage.com/services/form-app/1.2107.0/client-viewer/7197.chunk.min.js]
[static.parastorage.com/services/form-app/1.2107.0/client-viewer/6498.chunk.min.js]
[static.parastorage.com/services/form-app/1.2107.0/client-viewer/7384.chunk.min.js]
[static.parastorage.com/services/form-app/1.2107.0/client-viewer/6927.chunk.min.js]
[static.parastorage.com/services/form-app/1.2107.0/client-viewer/form-app-contacts-phone.chunk.min.js]
[static.parastorage.com/services/form-app/1.2107.0/client-viewer/form-app-text-area.chunk.min.js]
[cleanecotech8.wixstudio.com/verminators/blank.html]
[cleanecotech8.wixstudio.com/verminators/blank-1.html]
[cleanecotech8.wixstudio.com/verminators/blank-5.html]
[static.wixstatic.com/media/8f6869_5f0436b930b6421eae1a7132b9b1ba44_mv2.png/v1/fill/w_100,h_71,al_c,q_85,usm_0.66_1.00_0.01,blur_3,enc_avif,quality_auto/8f6869_5f0436b930b6421eae1a7132b9b1ba44_mv2.png]
[static.wixstatic.com/media/8f6869_097a619779034cf5a9dbc0ed67791594_mv2.jpg/v1/fill/w_147,h_112,al_c,q_80,usm_0.66_1.00_0.01,blur_2,enc_avif,quality_auto/Aphids_May_2010-2-58df52753df78c5162a0bb09.jpg]
[static.wixstatic.com/media/8f6869_b3e28442776c4c6696447804557fa383_mv2.jpg/v1/fill/w_147,h_98,al_c,q_80,usm_0.66_1.00_0.01,blur_2,/merlin_135758580_6b3007b0-3d77-4632-8448-462e99915491-superJumbo.jpg]
[static.wixstatic.com/media/8f6869_566c5b9ea3764c93a17e20a7d72a8b71_mv2.png]
[static.wixstatic.com/media/8f6869_b46c8846744a4a8cb3166f00615e52ac_mv2.png]
[static.wixstatic.com/media/8f6869_9138a4f2278444309168cfdfe08e5cf9_mv2.png]
[static.wixstatic.com/media/8f6869_1ed47addc4434edeb66aac72e1f959c2_mv2.png]
[browser.sentry-cdn.com/7.120.3/bundle.tracing.es5.min.js]
[browser.sentry-cdn.com/7.120.3/modulemetadata.es5.min.js]
[cleanecotech8.wixstudio.com/verminators/robots.1b.delayed]
[cleanecotech8.wixstudio.com/verminators/sitemap.xml]
[cleanecotech8.wixstudio.com/verminators/feed.1d.delayed]
[static.parastorage.com/services/wix-thunderbolt/dist/thunderbolt-commons.068bf811.bundle.min.js]
[static.parastorage.com/services/wix-thunderbolt/dist/main.2179473a.bundle.min.js]
[static.parastorage.com/services/wix-thunderbolt/dist/main.renderer.f600e767.bundle.min.js]
[static.parastorage.com/unpkg/lodash@4.17.21/lodash.min.js]
[static.parastorage.com/unpkg/react@18.3.1/umd/react.production.min.js]
[static.parastorage.com/unpkg/react-dom@18.3.1/umd/react-dom.production.min.js]
[static.parastorage.com/services/wix-thunderbolt/dist/browser-deprecation.bundle.es5.js]
[cleanecotech8.wixstudio.com/verminators/decodeURIComponent(e.25.delayed]
[cleanecotech8.wixstudio.com/verminators/index.html]
[cleanecotech8.wixstudio.com/verminators/c.html]
[cleanecotech8.wixstudio.com/verminators/t.html]
[static.parastorage.com/services/tag-manager-client/1.1028.0/siteTags.bundle.min.js]
[static.wixstatic.com/media/8f6869_9bf40b517a8f44d38b125b189326eb38_mv2.png/v1/fill/w_49,h_35,al_c,q_85,usm_0.66_1.00_0.01,blur_2,enc_avif,quality_auto/InsectiClean landing.png]
[static.wixstatic.com/media/8f6869_5f0436b930b6421eae1a7132b9b1ba44_mv2.png/v1/fill/w_49,h_35,al_c,q_85,usm_0.66_1.00_0.01,blur_2,enc_avif,quality_auto/Verminators (1).png]
[static.wixstatic.com/media/8f6869_132e24c718db478480e2a3234b22f2b0_mv2.jpg/v1/fill/w_141,h_94,al_c,q_80,usm_0.66_1.00_0.01,blur_2,/0757853d-49e9-4118-8801-c5c897e67ce2-commonhouseholdpestscockroaches3.28.dela]
[static.wixstatic.com/media/11062b_70b1d0e0b1234cdda43318aa1194f84f_mv2.jpeg/v1/fill/w_147,h_98,al_c,q_80,usm_0.66_1.00_0.01,blur_2,enc_avif,quality_auto/Pest Control .jpg]
[static.wixstatic.com/media/11062b_9316aa85b31d463ba1f194c0fb92ee44_mv2.jpg/v1/fill/w_147,h_98,al_c,q_80,usm_0.66_1.00_0.01,blur_2,enc_avif,quality_auto/Pest Control.jpg]
[static.wixstatic.com/media/11062b_33c1dc0fb57745e2994095bb2d1767a2_mv2.jpg]
[static.wixstatic.com/media/11062b_bc5f3cad33d744cea37a21347f2b0951_mv2.jpg]
[static.wixstatic.com/media/1a15da80207221192b0110122d6d2a03.jpg]
[static.wixstatic.com/media/11062b_4b8574febbd945c6991ebddb5ecaf9fe_mv2.jpg]
[cleanecotech8.wixstudio.com/verminators/blank.html]
[static.wixstatic.com/media/8f6869_4f7a3bb0aa2b4ce096f468a9f6677193_mv2.png/v1/fill/w_49,h_35,al_c,q_85,usm_0.66_1.00_0.01,blur_2,enc_avif,quality_auto/Verminators (3).png]
[static.wixstatic.com/media/8f6869_88a2e22950b8423eabc6e4d32c2fb462_mv2.png/v1/fill/w_49,h_35,al_c,q_85,usm_0.66_1.00_0.01,blur_2,enc_avif,quality_auto/EntoKill Images.png]
[static.wixstatic.com/media/8f6869_2232691bb02c45bb8133bc2fcafef377_mv2.png/v1/fill/w_49,h_35,al_c,q_85,usm_0.66_1.00_0.01,blur_2,enc_avif,quality_auto/EntoKill Images (1).png]
[static.wixstatic.com/media/8f6869_01a156943ee849029674abf3584f1e0b_mv2.png/v1/fill/w_49,h_35,al_c,q_85,usm_0.66_1.00_0.01,blur_2,enc_avif,quality_auto/EntoKill Images (2).png]
[static.wixstatic.com/media/8f6869_91c2dd9264b24494bb15ed430da21633_mv2.png/v1/fill/w_49,h_35,al_c,q_85,usm_0.66_1.00_0.01,blur_2,enc_avif,quality_auto/EntoKill Images (3).png]
[static.wixstatic.com/media/8f6869_fd5a3825405e4ae3a5227d191f91db19_mv2.png/v1/fill/w_49,h_35,al_c,q_85,usm_0.66_1.00_0.01,blur_2,enc_avif,quality_auto/EntoKill Images (4).png]
[cleanecotech8.wixstudio.com/verminators/blank-1.html]
[static.wixstatic.com/media/8f6869_3a6c3f923385424589f3aa8ccce5b659_mv2.png/v1/fill/w_49,h_35,al_c,q_85,usm_0.66_1.00_0.01,blur_2,enc_avif,quality_auto/Verminators (4).png]
[cleanecotech8.wixstudio.com/verminators/blank-5.html]
[cleanecotech8.wixstudio.com/verminators/robots.html]
[cleanecotech8.wixstudio.com/verminators/feed.html]
[cleanecotech8.wixstudio.com/verminators/decodeURIComponent(e.html]
[static.parastorage.com/services/form-app/1.2107.0/FormViewerWidgetNoCss.bundle.min.js]
